// Jest Snapshot v1, https://goo.gl/fbAQLP

exports[`Testing al cliente Es Taiel Nunes 1`] = `
Object {
  "balance": 500,
  "nombre": "Taiel",
  "tipo": "Premium",
}
`;
